================================================================================
TIMESTAMP: 2025-12-23 19:23:25
METHOD: DES (Manuel Implementasyon)
ORIGINAL SIZE: 5 bytes
ENCRYPTED SIZE: 36 bytes
ENCRYPTION TIME: 10 ms
SIZE INCREASE: 620.0%

================================================================================
TIMESTAMP: 2025-12-23 19:23:52
METHOD: AES (Manuel Implementasyon)
ORIGINAL SIZE: 5 bytes
ENCRYPTED SIZE: 60 bytes
ENCRYPTION TIME: 0 ms
SIZE INCREASE: 1100.0%

================================================================================
TIMESTAMP: 2025-12-23 19:24:06
METHOD: DES (Java Kütüphanesi)
ORIGINAL SIZE: 5 bytes
ENCRYPTED SIZE: 493 bytes
ENCRYPTION TIME: 156 ms
SIZE INCREASE: 9760.0%

================================================================================
TIMESTAMP: 2025-12-23 19:24:20
METHOD: AES (Java Kütüphanesi)
ORIGINAL SIZE: 5 bytes
ENCRYPTED SIZE: 511 bytes
ENCRYPTION TIME: 23 ms
SIZE INCREASE: 10120.0%

================================================================================
TIMESTAMP: 2025-12-23 19:28:03
METHOD: AES (Manuel Implementasyon)
ORIGINAL SIZE: 3 bytes
ENCRYPTED SIZE: 60 bytes
ENCRYPTION TIME: 0 ms
SIZE INCREASE: 1900.0%

================================================================================
TIMESTAMP: 2025-12-23 19:28:21
METHOD: AES (Manuel Implementasyon)
ORIGINAL SIZE: 3 bytes
ENCRYPTED SIZE: 60 bytes
ENCRYPTION TIME: 0 ms
SIZE INCREASE: 1900.0%

================================================================================
TIMESTAMP: 2025-12-23 19:32:43.805
METHOD: DES (Manuel Implementasyon)
ORIGINAL SIZE: 5 bytes
ENCRYPTED SIZE: 36 bytes
ENCRYPTION TIME: 4,249 ms
SIZE INCREASE: 620,00%

================================================================================
TIMESTAMP: 2025-12-24 06:16:16.310
METHOD: DES (Manuel Implementasyon)
ORIGINAL SIZE: 11 bytes
ENCRYPTED SIZE: 52 bytes
ENCRYPTION TIME: 4,278 ms
SIZE INCREASE: 372,73%

================================================================================
TIMESTAMP: 2025-12-24 06:17:04.248
METHOD: AES (Manuel Implementasyon)
ORIGINAL SIZE: 86 bytes
ENCRYPTED SIZE: 220 bytes
ENCRYPTION TIME: 7,058 ms
SIZE INCREASE: 155,81%

================================================================================
TIMESTAMP: 2025-12-24 06:20:07.451
METHOD: DES (Java Kütüphanesi)
ORIGINAL SIZE: 11 bytes
ENCRYPTED SIZE: 505 bytes
ENCRYPTION TIME: 356,239 ms
SIZE INCREASE: 4490,91%

================================================================================
TIMESTAMP: 2025-12-24 06:20:23.131
METHOD: AES (Java Kütüphanesi)
ORIGINAL SIZE: 11 bytes
ENCRYPTED SIZE: 513 bytes
ENCRYPTION TIME: 25,574 ms
SIZE INCREASE: 4563,64%

================================================================================
TIMESTAMP: 2025-12-24 10:29:38.159
METHOD: DES (Manuel Implementasyon)
ORIGINAL SIZE: 5 bytes
ENCRYPTED SIZE: 36 bytes
ENCRYPTION TIME: 4,275 ms
SIZE INCREASE: 620,00%

================================================================================
TIMESTAMP: 2025-12-24 10:30:00.426
METHOD: AES (Manuel Implementasyon)
ORIGINAL SIZE: 5 bytes
ENCRYPTED SIZE: 60 bytes
ENCRYPTION TIME: 3,713 ms
SIZE INCREASE: 1100,00%

================================================================================
TIMESTAMP: 2025-12-24 10:30:14.112
METHOD: DES (Java Kütüphanesi)
ORIGINAL SIZE: 5 bytes
ENCRYPTED SIZE: 493 bytes
ENCRYPTION TIME: 295,424 ms
SIZE INCREASE: 9760,00%

================================================================================
TIMESTAMP: 2025-12-24 10:30:26.201
METHOD: AES (Java Kütüphanesi)
ORIGINAL SIZE: 5 bytes
ENCRYPTED SIZE: 513 bytes
ENCRYPTION TIME: 87,051 ms
SIZE INCREASE: 10160,00%

================================================================================
TIMESTAMP: 2025-12-24 19:41:13.104
METHOD: Caesar Cipher (Kaydırma)
ORIGINAL SIZE: 5 bytes
ENCRYPTED SIZE: 5 bytes
ENCRYPTION TIME: 1,092 ms
SIZE INCREASE: 0,00%

================================================================================
TIMESTAMP: 2025-12-24 19:41:30.890
METHOD: Caesar Cipher (Kaydırma)
ORIGINAL SIZE: 5 bytes
ENCRYPTED SIZE: 5 bytes
ENCRYPTION TIME: 1,171 ms
SIZE INCREASE: 0,00%

================================================================================
TIMESTAMP: 2025-12-24 19:55:04.549
METHOD: Caesar Cipher (Kaydırma)
ORIGINAL SIZE: 4 bytes
ENCRYPTED SIZE: 4 bytes
ENCRYPTION TIME: 1,289 ms
SIZE INCREASE: 0,00%

================================================================================
TIMESTAMP: 2025-12-24 20:15:40.983
METHOD: DES (Manuel Implementasyon)
ORIGINAL SIZE: 5 bytes
ENCRYPTED SIZE: 36 bytes
ENCRYPTION TIME: 4,248 ms
SIZE INCREASE: 620,00%

================================================================================
TIMESTAMP: 2025-12-24 20:16:17.710
METHOD: AES (Java Kütüphanesi)
ORIGINAL SIZE: 5 bytes
ENCRYPTED SIZE: 513 bytes
ENCRYPTION TIME: 127,420 ms
SIZE INCREASE: 10160,00%

================================================================================
TIMESTAMP: 2025-12-25 02:16:47.686
METHOD: Caesar Cipher (Kaydırma)
ORIGINAL SIZE: 4 bytes
ENCRYPTED SIZE: 4 bytes
ENCRYPTION TIME: 4,218 ms
SIZE INCREASE: 0,00%

================================================================================
TIMESTAMP: 2025-12-26 21:02:14.959
METHOD: Caesar Cipher (Kaydırma)
ORIGINAL SIZE: 4 bytes
ENCRYPTED SIZE: 4 bytes
ENCRYPTION TIME: 2,985 ms
SIZE INCREASE: 0,00%

================================================================================
TIMESTAMP: 2025-12-26 21:02:42.164
METHOD: Vigenere Cipher
ORIGINAL SIZE: 4 bytes
ENCRYPTED SIZE: 4 bytes
ENCRYPTION TIME: 2,333 ms
SIZE INCREASE: 0,00%

================================================================================
TIMESTAMP: 2025-12-26 21:03:18.552
METHOD: Vigenere Cipher
ORIGINAL SIZE: 4 bytes
ENCRYPTED SIZE: 4 bytes
ENCRYPTION TIME: 2,494 ms
SIZE INCREASE: 0,00%

================================================================================
TIMESTAMP: 2025-12-26 21:03:41.238
METHOD: Affine Cipher
ORIGINAL SIZE: 4 bytes
ENCRYPTED SIZE: 4 bytes
ENCRYPTION TIME: 2,435 ms
SIZE INCREASE: 0,00%

================================================================================
TIMESTAMP: 2025-12-26 21:04:10.371
METHOD: Rail Fence Cipher (Zigzag)
ORIGINAL SIZE: 4 bytes
ENCRYPTED SIZE: 4 bytes
ENCRYPTION TIME: 2,387 ms
SIZE INCREASE: 0,00%

================================================================================
TIMESTAMP: 2025-12-26 21:04:22.718
METHOD: Rail Fence Cipher (Zigzag)
ORIGINAL SIZE: 4 bytes
ENCRYPTED SIZE: 4 bytes
ENCRYPTION TIME: 2,256 ms
SIZE INCREASE: 0,00%

================================================================================
TIMESTAMP: 2025-12-26 21:14:00.948
METHOD: Caesar Cipher (Kaydırma)
ORIGINAL SIZE: 4 bytes
ENCRYPTED SIZE: 4 bytes
ENCRYPTION TIME: 4,439 ms
SIZE INCREASE: 0,00%

================================================================================
TIMESTAMP: 2025-12-26 21:14:12.740
METHOD: Vigenere Cipher
ORIGINAL SIZE: 4 bytes
ENCRYPTED SIZE: 4 bytes
ENCRYPTION TIME: 2,541 ms
SIZE INCREASE: 0,00%

================================================================================
TIMESTAMP: 2025-12-26 21:14:26.708
METHOD: Substitution Cipher
ORIGINAL SIZE: 4 bytes
ENCRYPTED SIZE: 4 bytes
ENCRYPTION TIME: 2,411 ms
SIZE INCREASE: 0,00%

================================================================================
TIMESTAMP: 2025-12-26 21:14:43.439
METHOD: Affine Cipher
ORIGINAL SIZE: 4 bytes
ENCRYPTED SIZE: 4 bytes
ENCRYPTION TIME: 2,307 ms
SIZE INCREASE: 0,00%

================================================================================
TIMESTAMP: 2025-12-26 21:15:01.363
METHOD: Rail Fence Cipher (Zigzag)
ORIGINAL SIZE: 4 bytes
ENCRYPTED SIZE: 4 bytes
ENCRYPTION TIME: 2,301 ms
SIZE INCREASE: 0,00%

================================================================================
TIMESTAMP: 2025-12-26 21:15:19.422
METHOD: Route Cipher (Yönlü Şifre)
ORIGINAL SIZE: 4 bytes
ENCRYPTED SIZE: 6 bytes
ENCRYPTION TIME: 2,955 ms
SIZE INCREASE: 50,00%

================================================================================
TIMESTAMP: 2025-12-26 21:15:33.899
METHOD: Columnar Transposition (Sütunlu)
ORIGINAL SIZE: 4 bytes
ENCRYPTED SIZE: 8 bytes
ENCRYPTION TIME: 5,565 ms
SIZE INCREASE: 100,00%

================================================================================
TIMESTAMP: 2025-12-26 21:15:59.524
METHOD: Polybius Square Cipher
ORIGINAL SIZE: 4 bytes
ENCRYPTED SIZE: 8 bytes
ENCRYPTION TIME: 1,816 ms
SIZE INCREASE: 100,00%

================================================================================
TIMESTAMP: 2025-12-26 21:16:17.694
METHOD: Pigpen Cipher (Domuz Ağılı)
ORIGINAL SIZE: 4 bytes
ENCRYPTED SIZE: 12 bytes
ENCRYPTION TIME: 2,377 ms
SIZE INCREASE: 200,00%

================================================================================
TIMESTAMP: 2025-12-26 21:16:33.105
METHOD: Hill Cipher (Matris Şifreleme)
ORIGINAL SIZE: 4 bytes
ENCRYPTED SIZE: 4 bytes
ENCRYPTION TIME: 3,295 ms
SIZE INCREASE: 0,00%

================================================================================
TIMESTAMP: 2025-12-26 21:16:42.379
METHOD: Hill Cipher (Matris Şifreleme)
ORIGINAL SIZE: 4 bytes
ENCRYPTED SIZE: 4 bytes
ENCRYPTION TIME: 2,367 ms
SIZE INCREASE: 0,00%

================================================================================
TIMESTAMP: 2025-12-26 21:17:12.290
METHOD: Playfair Cipher
ORIGINAL SIZE: 4 bytes
ENCRYPTED SIZE: 4 bytes
ENCRYPTION TIME: 3,257 ms
SIZE INCREASE: 0,00%

================================================================================
TIMESTAMP: 2025-12-26 21:23:03.571
METHOD: Hill Cipher (Matris Şifreleme)
ORIGINAL SIZE: 4 bytes
ENCRYPTED SIZE: 4 bytes
ENCRYPTION TIME: 3,089 ms
SIZE INCREASE: 0,00%

================================================================================
TIMESTAMP: 2025-12-26 21:23:42.466
METHOD: DES (Manuel - Direkt Anahtar)
ORIGINAL SIZE: 4 bytes
ENCRYPTED SIZE: 36 bytes
ENCRYPTION TIME: 4,907 ms
SIZE INCREASE: 800,00%

================================================================================
TIMESTAMP: 2025-12-26 21:24:00.661
METHOD: AES (Manuel - Direkt Anahtar)
ORIGINAL SIZE: 4 bytes
ENCRYPTED SIZE: 60 bytes
ENCRYPTION TIME: 3,784 ms
SIZE INCREASE: 1400,00%

================================================================================
TIMESTAMP: 2025-12-26 21:24:15.837
METHOD: DES (Kütüphane - RSA ile Anahtar)
ORIGINAL SIZE: 4 bytes
ENCRYPTED SIZE: 493 bytes
ENCRYPTION TIME: 251,895 ms
SIZE INCREASE: 12225,00%

================================================================================
TIMESTAMP: 2025-12-26 21:24:25.570
METHOD: DES (Kütüphane - RSA ile Anahtar)
ORIGINAL SIZE: 4 bytes
ENCRYPTED SIZE: 43 bytes
ENCRYPTION TIME: 13,041 ms
SIZE INCREASE: 975,00%

================================================================================
TIMESTAMP: 2025-12-26 21:24:35.097
METHOD: AES (Kütüphane - RSA ile Anahtar)
ORIGINAL SIZE: 4 bytes
ENCRYPTED SIZE: 63 bytes
ENCRYPTION TIME: 14,155 ms
SIZE INCREASE: 1475,00%

================================================================================
TIMESTAMP: 2025-12-26 21:24:47.424
METHOD: AES (Kütüphane - RSA ile Anahtar)
ORIGINAL SIZE: 4 bytes
ENCRYPTED SIZE: 513 bytes
ENCRYPTION TIME: 51,785 ms
SIZE INCREASE: 12725,00%

================================================================================
TIMESTAMP: 2025-12-26 21:25:10.816
METHOD: Hill Cipher (Matris Şifreleme)
ORIGINAL SIZE: 4 bytes
ENCRYPTED SIZE: 4 bytes
ENCRYPTION TIME: 2,374 ms
SIZE INCREASE: 0,00%

================================================================================
TIMESTAMP: 2025-12-26 21:25:25.038
METHOD: Hill Cipher (Matris Şifreleme)
ORIGINAL SIZE: 4 bytes
ENCRYPTED SIZE: 4 bytes
ENCRYPTION TIME: 1,819 ms
SIZE INCREASE: 0,00%

================================================================================
TIMESTAMP: 2025-12-26 21:25:39.249
METHOD: Hill Cipher (Matris Şifreleme)
ORIGINAL SIZE: 4 bytes
ENCRYPTED SIZE: 4 bytes
ENCRYPTION TIME: 2,690 ms
SIZE INCREASE: 0,00%

================================================================================
TIMESTAMP: 2025-12-26 21:30:37.278
METHOD: Hill Cipher (Matris Şifreleme)
ORIGINAL SIZE: 4 bytes
ENCRYPTED SIZE: 4 bytes
ENCRYPTION TIME: 3,745 ms
SIZE INCREASE: 0,00%

================================================================================
TIMESTAMP: 2025-12-26 21:55:06.293
METHOD: Caesar Cipher (Kaydırma)
ORIGINAL SIZE: 4 bytes
ENCRYPTED SIZE: 4 bytes
ENCRYPTION TIME: 3,601 ms
SIZE INCREASE: 0,00%

================================================================================
TIMESTAMP: 2025-12-26 22:04:42.660
METHOD: AES (Manuel - Direkt Anahtar)
ORIGINAL SIZE: 24 bytes
ENCRYPTED SIZE: 92 bytes
ENCRYPTION TIME: 6,559 ms
SIZE INCREASE: 283,33%

================================================================================
TIMESTAMP: 2025-12-26 22:05:43.170
METHOD: DES (Kütüphane - RSA ile Anahtar)
ORIGINAL SIZE: 23 bytes
ENCRYPTED SIZE: 525 bytes
ENCRYPTION TIME: 138,785 ms
SIZE INCREASE: 2182,61%

================================================================================
TIMESTAMP: 2025-12-26 22:11:59.001
METHOD: AES (Manuel - Direkt Anahtar)
ORIGINAL SIZE: 24 bytes
ENCRYPTED SIZE: 92 bytes
ENCRYPTION TIME: 6,327 ms
SIZE INCREASE: 283,33%

================================================================================
TIMESTAMP: 2025-12-26 22:12:47.688
METHOD: DES (Kütüphane - RSA ile Anahtar)
ORIGINAL SIZE: 24 bytes
ENCRYPTED SIZE: 526 bytes
ENCRYPTION TIME: 128,887 ms
SIZE INCREASE: 2091,67%

================================================================================
TIMESTAMP: 2025-12-27 18:37:54.230
METHOD: DES (Kütüphane - ECC ile Anahtar)
ORIGINAL SIZE: 4 bytes
ENCRYPTED SIZE: 251 bytes
ENCRYPTION TIME: 32,410 ms
SIZE INCREASE: 6175,00%

================================================================================
TIMESTAMP: 2025-12-27 21:21:59.900
METHOD: DES (Kütüphane - ECC ile Anahtar)
ORIGINAL SIZE: 4 bytes
ENCRYPTED SIZE: 251 bytes
ENCRYPTION TIME: 36,856 ms
SIZE INCREASE: 6175,00%

================================================================================
TIMESTAMP: 2025-12-27 21:22:40.110
METHOD: AES (Kütüphane - ECC ile Anahtar)
ORIGINAL SIZE: 4 bytes
ENCRYPTED SIZE: 271 bytes
ENCRYPTION TIME: 7,713 ms
SIZE INCREASE: 6675,00%

================================================================================
TIMESTAMP: 2025-12-27 21:56:10.518
METHOD: DES (Kütüphane - ECC ile Anahtar)
ORIGINAL SIZE: 4 bytes
ENCRYPTED SIZE: 251 bytes
ENCRYPTION TIME: 44,863 ms
SIZE INCREASE: 6175,00%

================================================================================
TIMESTAMP: 2025-12-27 21:56:39.879
METHOD: AES (Kütüphane - ECC ile Anahtar)
ORIGINAL SIZE: 4 bytes
ENCRYPTED SIZE: 271 bytes
ENCRYPTION TIME: 8,120 ms
SIZE INCREASE: 6675,00%

================================================================================
TIMESTAMP: 2025-12-27 21:56:54.641
METHOD: ECC (Elliptic Curve - ECIES)
ORIGINAL SIZE: 4 bytes
ENCRYPTED SIZE: 284 bytes
ENCRYPTION TIME: 11,556 ms
SIZE INCREASE: 7000,00%

================================================================================
TIMESTAMP: 2025-12-27 21:57:06.380
METHOD: ECC + AES (Hybrid)
ORIGINAL SIZE: 4 bytes
ENCRYPTED SIZE: 334 bytes
ENCRYPTION TIME: 6,884 ms
SIZE INCREASE: 8250,00%

================================================================================
TIMESTAMP: 2025-12-27 21:57:15.685
METHOD: ECDSA (Digital Signature)
ORIGINAL SIZE: 4 bytes
ENCRYPTED SIZE: 232 bytes
ENCRYPTION TIME: 13,264 ms
SIZE INCREASE: 5700,00%

================================================================================
TIMESTAMP: 2025-12-27 22:01:46.116
METHOD: ECC (Elliptic Curve - ECIES)
ORIGINAL SIZE: 4 bytes
ENCRYPTED SIZE: 284 bytes
ENCRYPTION TIME: 25,248 ms
SIZE INCREASE: 7000,00%

================================================================================
TIMESTAMP: 2025-12-27 22:02:09.158
METHOD: ECC + AES (Hybrid)
ORIGINAL SIZE: 4 bytes
ENCRYPTED SIZE: 334 bytes
ENCRYPTION TIME: 5,445 ms
SIZE INCREASE: 8250,00%

================================================================================
TIMESTAMP: 2025-12-27 22:02:24.632
METHOD: AES (Kütüphane - ECC ile Anahtar)
ORIGINAL SIZE: 4 bytes
ENCRYPTED SIZE: 271 bytes
ENCRYPTION TIME: 10,420 ms
SIZE INCREASE: 6675,00%

================================================================================
TIMESTAMP: 2025-12-27 22:25:59.089
METHOD: DES (Kütüphane - ECC ile Anahtar)
ORIGINAL SIZE: 4 bytes
ENCRYPTED SIZE: 251 bytes
ENCRYPTION TIME: 48,883 ms
SIZE INCREASE: 6175,00%

================================================================================
TIMESTAMP: 2025-12-27 22:26:26.253
METHOD: AES (Kütüphane - ECC ile Anahtar)
ORIGINAL SIZE: 4 bytes
ENCRYPTED SIZE: 271 bytes
ENCRYPTION TIME: 11,564 ms
SIZE INCREASE: 6675,00%

================================================================================
TIMESTAMP: 2025-12-27 22:29:56.652
METHOD: DES (Kütüphane - ECC ile Anahtar)
ORIGINAL SIZE: 4 bytes
ENCRYPTED SIZE: 255 bytes
ENCRYPTION TIME: 35,686 ms
SIZE INCREASE: 6275,00%

================================================================================
TIMESTAMP: 2025-12-27 22:31:02.002
METHOD: DES (Kütüphane - ECC ile Anahtar)
ORIGINAL SIZE: 4 bytes
ENCRYPTED SIZE: 255 bytes
ENCRYPTION TIME: 36,934 ms
SIZE INCREASE: 6275,00%

================================================================================
TIMESTAMP: 2025-12-27 22:31:14.556
METHOD: AES (Kütüphane - ECC ile Anahtar)
ORIGINAL SIZE: 4 bytes
ENCRYPTED SIZE: 279 bytes
ENCRYPTION TIME: 11,486 ms
SIZE INCREASE: 6875,00%

================================================================================
TIMESTAMP: 2025-12-27 22:36:06.269
METHOD: DES (Kütüphane - ECC ile Anahtar)
ORIGINAL SIZE: 4 bytes
ENCRYPTED SIZE: 25 bytes
ENCRYPTION TIME: 46,115 ms
SIZE INCREASE: 525,00%

================================================================================
TIMESTAMP: 2025-12-27 22:36:17.423
METHOD: AES (Kütüphane - ECC ile Anahtar)
ORIGINAL SIZE: 4 bytes
ENCRYPTED SIZE: 49 bytes
ENCRYPTION TIME: 10,886 ms
SIZE INCREASE: 1125,00%

================================================================================
TIMESTAMP: 2025-12-28 04:54:19.395
METHOD: Caesar Cipher (Kaydırma)
ORIGINAL SIZE: 4 bytes
ENCRYPTED SIZE: 4 bytes
ENCRYPTION TIME: 3,229 ms
SIZE INCREASE: 0,00%

================================================================================
TIMESTAMP: 2025-12-28 04:54:30.704
METHOD: Vigenere Cipher
ORIGINAL SIZE: 4 bytes
ENCRYPTED SIZE: 4 bytes
ENCRYPTION TIME: 1,566 ms
SIZE INCREASE: 0,00%

================================================================================
TIMESTAMP: 2025-12-28 04:54:44.789
METHOD: Substitution Cipher
ORIGINAL SIZE: 4 bytes
ENCRYPTED SIZE: 4 bytes
ENCRYPTION TIME: 1,865 ms
SIZE INCREASE: 0,00%

================================================================================
TIMESTAMP: 2025-12-28 04:54:57.594
METHOD: Affine Cipher
ORIGINAL SIZE: 4 bytes
ENCRYPTED SIZE: 4 bytes
ENCRYPTION TIME: 2,097 ms
SIZE INCREASE: 0,00%

================================================================================
TIMESTAMP: 2025-12-28 04:55:15.196
METHOD: Rail Fence Cipher (Zigzag)
ORIGINAL SIZE: 4 bytes
ENCRYPTED SIZE: 4 bytes
ENCRYPTION TIME: 2,127 ms
SIZE INCREASE: 0,00%

================================================================================
TIMESTAMP: 2025-12-28 04:55:27.816
METHOD: Route Cipher (Yönlü Şifre)
ORIGINAL SIZE: 4 bytes
ENCRYPTED SIZE: 4 bytes
ENCRYPTION TIME: 2,010 ms
SIZE INCREASE: 0,00%

================================================================================
TIMESTAMP: 2025-12-28 04:55:44.286
METHOD: Columnar Transposition (Sütunlu)
ORIGINAL SIZE: 4 bytes
ENCRYPTED SIZE: 8 bytes
ENCRYPTION TIME: 1,961 ms
SIZE INCREASE: 100,00%

================================================================================
TIMESTAMP: 2025-12-28 04:55:58.280
METHOD: Polybius Square Cipher
ORIGINAL SIZE: 4 bytes
ENCRYPTED SIZE: 8 bytes
ENCRYPTION TIME: 2,051 ms
SIZE INCREASE: 100,00%

================================================================================
TIMESTAMP: 2025-12-28 04:56:12.317
METHOD: Pigpen Cipher (Domuz Ağılı)
ORIGINAL SIZE: 4 bytes
ENCRYPTED SIZE: 12 bytes
ENCRYPTION TIME: 1,799 ms
SIZE INCREASE: 200,00%

================================================================================
TIMESTAMP: 2025-12-28 04:56:25.897
METHOD: Hill Cipher (Matris Şifreleme)
ORIGINAL SIZE: 4 bytes
ENCRYPTED SIZE: 4 bytes
ENCRYPTION TIME: 2,326 ms
SIZE INCREASE: 0,00%

================================================================================
TIMESTAMP: 2025-12-28 04:56:39.039
METHOD: Playfair Cipher
ORIGINAL SIZE: 4 bytes
ENCRYPTED SIZE: 4 bytes
ENCRYPTION TIME: 1,955 ms
SIZE INCREASE: 0,00%

================================================================================
TIMESTAMP: 2025-12-28 04:56:54.650
METHOD: DES (Manuel - Direkt Anahtar)
ORIGINAL SIZE: 4 bytes
ENCRYPTED SIZE: 36 bytes
ENCRYPTION TIME: 2,895 ms
SIZE INCREASE: 800,00%

================================================================================
TIMESTAMP: 2025-12-28 04:57:07.419
METHOD: AES (Manuel - Direkt Anahtar)
ORIGINAL SIZE: 4 bytes
ENCRYPTED SIZE: 60 bytes
ENCRYPTION TIME: 2,905 ms
SIZE INCREASE: 1400,00%

================================================================================
TIMESTAMP: 2025-12-28 04:57:20.534
METHOD: DES (Kütüphane - RSA ile Anahtar)
ORIGINAL SIZE: 4 bytes
ENCRYPTED SIZE: 493 bytes
ENCRYPTION TIME: 80,987 ms
SIZE INCREASE: 12225,00%

================================================================================
TIMESTAMP: 2025-12-28 04:57:30.828
METHOD: AES (Kütüphane - RSA ile Anahtar)
ORIGINAL SIZE: 4 bytes
ENCRYPTED SIZE: 515 bytes
ENCRYPTION TIME: 25,848 ms
SIZE INCREASE: 12775,00%

================================================================================
TIMESTAMP: 2025-12-28 04:57:49.848
METHOD: DES (Kütüphane - ECC ile Anahtar)
ORIGINAL SIZE: 4 bytes
ENCRYPTED SIZE: 25 bytes
ENCRYPTION TIME: 10,539 ms
SIZE INCREASE: 525,00%

================================================================================
TIMESTAMP: 2025-12-28 04:58:02.494
METHOD: AES (Kütüphane - ECC ile Anahtar)
ORIGINAL SIZE: 4 bytes
ENCRYPTED SIZE: 49 bytes
ENCRYPTION TIME: 7,035 ms
SIZE INCREASE: 1125,00%

================================================================================
TIMESTAMP: 2025-12-28 05:06:56.027
METHOD: DES (Manuel - Direkt Anahtar)
ORIGINAL SIZE: 4 bytes
ENCRYPTED SIZE: 36 bytes
ENCRYPTION TIME: 4,400 ms
SIZE INCREASE: 800,00%

================================================================================
TIMESTAMP: 2025-12-28 05:07:09.258
METHOD: AES (Manuel - Direkt Anahtar)
ORIGINAL SIZE: 4 bytes
ENCRYPTED SIZE: 60 bytes
ENCRYPTION TIME: 1,415 ms
SIZE INCREASE: 1400,00%

================================================================================
TIMESTAMP: 2025-12-28 05:07:22.657
METHOD: DES (Kütüphane - RSA ile Anahtar)
ORIGINAL SIZE: 4 bytes
ENCRYPTED SIZE: 495 bytes
ENCRYPTION TIME: 10,246 ms
SIZE INCREASE: 12275,00%

================================================================================
TIMESTAMP: 2025-12-28 05:07:30.512
METHOD: AES (Kütüphane - RSA ile Anahtar)
ORIGINAL SIZE: 4 bytes
ENCRYPTED SIZE: 516 bytes
ENCRYPTION TIME: 12,142 ms
SIZE INCREASE: 12800,00%

